hcf\cli\Colors=build/hcf.cli.Colors.hc
hcf\cli\exec=build/hcf.cli.exec.hc
hcf\core\ExceptionHandler=build/hcf.core.ExceptionHandler.hc
hcf\core\Utils=build/hcf.core.Utils.hc
hcf\core\log\Internal=build/hcf.core.log.Internal.hc
hcf\core\remote\Invoker=build/hcf.core.remote.Invoker.hc
hcf\db\Connection=build/hcf.db.Connection.hc
hcf\db\Dict=build/hcf.db.Dict.hc
hcf\db\Dict\NoSuchValueException=build/hcf.db.Dict.NoSuchValueException.hc
hcf\web\App=build/hcf.web.App.hc
hcf\web\Bridge=build/hcf.web.Bridge.hc
hcf\web\Component=build/hcf.web.Component.hc
hcf\web\Container=build/hcf.web.Container.hc
hcf\web\Controller=build/hcf.web.Controller.hc
hcf\web\Cookie=build/hcf.web.Cookie.hc
hcf\web\Download=build/hcf.web.Download.hc
hcf\web\Page=build/hcf.web.Page.hc
hcf\web\PageLoader=build/hcf.web.PageLoader.hc
hcf\web\RenderContext=build/hcf.web.RenderContext.hc
hcf\web\Router=build/hcf.web.Router.hc
hcf\web\Upload=build/hcf.web.Upload.hc
hcf\web\Utils=build/hcf.web.Utils.hc
hcf\web\App\RequireJS=build/hcf.web.App.RequireJS.hc
hcf\web\Bridge\Worker=build/hcf.web.Bridge.Worker.hc
hcf\web\Bridge\Worker\FormDataPolyfill=build/hcf.web.Bridge.Worker.FormDataPolyfill.hc
hcf\web\Component\Polyfill=build/hcf.web.Component.Polyfill.hc
hcf\web\Container\Autoloader=build/hcf.web.Container.Autoloader.hc
hcf\web\Container\provider=build/hcf.web.Container.provider.hc
hcf\web\Container\provider\Script=build/hcf.web.Container.provider.Script.hc
hcf\web\Container\provider\Style=build/hcf.web.Container.provider.Style.hc
hcf\web\Container\provider\Template=build/hcf.web.Container.provider.Template.hc
