hcdk\assembly=build/hcdk.assembly.hc
hcdk\assembly\Base=build/hcdk.assembly.Base.hc
hcdk\assembly\Constant=build/hcdk.assembly.Constant.hc
hcdk\assembly\client=build/hcdk.assembly.client.hc
hcdk\assembly\config=build/hcdk.assembly.config.hc
hcdk\assembly\controller=build/hcdk.assembly.controller.hc
hcdk\assembly\log=build/hcdk.assembly.log.hc
hcdk\assembly\output=build/hcdk.assembly.output.hc
hcdk\assembly\template=build/hcdk.assembly.template.hc
hcdk\assembly\client\Css=build/hcdk.assembly.client.Css.hc
hcdk\assembly\client\Js=build/hcdk.assembly.client.Js.hc
hcdk\assembly\client\Scss=build/hcdk.assembly.client.Scss.hc
hcdk\assembly\client\Ts=build/hcdk.assembly.client.Ts.hc
hcdk\assembly\config\Ini=build/hcdk.assembly.config.Ini.hc
hcdk\assembly\config\Json=build/hcdk.assembly.config.Json.hc
hcdk\assembly\controller\Php=build/hcdk.assembly.controller.Php.hc
hcdk\assembly\log\Php=build/hcdk.assembly.log.Php.hc
hcdk\assembly\log\Properties=build/hcdk.assembly.log.Properties.hc
hcdk\assembly\log\Xml=build/hcdk.assembly.log.Xml.hc
hcdk\assembly\output\Json=build/hcdk.assembly.output.Json.hc
hcdk\assembly\output\Raw=build/hcdk.assembly.output.Raw.hc
hcdk\assembly\output\Text=build/hcdk.assembly.output.Text.hc
hcdk\assembly\output\Xml=build/hcdk.assembly.output.Xml.hc
hcdk\assembly\template\Html=build/hcdk.assembly.template.Html.hc
hcdk\assembly\template\Raw=build/hcdk.assembly.template.Raw.hc
hcdk\assembly\template\Sql=build/hcdk.assembly.template.Sql.hc
hcdk\assembly\template\Text=build/hcdk.assembly.template.Text.hc
hcdk\assembly\template\Xml=build/hcdk.assembly.template.Xml.hc
hcdk\cli\exec\Add=build/hcdk.cli.exec.Add.hc
hcdk\cli\exec\Build=build/hcdk.cli.exec.Build.hc
hcdk\cli\exec\Create=build/hcdk.cli.exec.Create.hc
hcdk\cli\exec\Help=build/hcdk.cli.exec.Help.hc
hcdk\cli\exec\Inspect=build/hcdk.cli.exec.Inspect.hc
hcdk\cli\exec\Map=build/hcdk.cli.exec.Map.hc
hcdk\cli\exec\Tree=build/hcdk.cli.exec.Tree.hc
hcdk\cli\exec\Version=build/hcdk.cli.exec.Version.hc
hcdk\data\Sectionizer=build/hcdk.data.Sectionizer.hc
hcdk\data\ph\Parser=build/hcdk.data.ph.Parser.hc
hcdk\data\ph\Processor=build/hcdk.data.ph.Processor.hc
hcdk\data\ph\Processor\ArgProcessor=build/hcdk.data.ph.Processor.ArgProcessor.hc
hcdk\data\ph\Processor\ConstProcessor=build/hcdk.data.ph.Processor.ConstProcessor.hc
hcdk\data\ph\Processor\DictProcessor=build/hcdk.data.ph.Processor.DictProcessor.hc
hcdk\data\ph\Processor\IfProcessor=build/hcdk.data.ph.Processor.IfProcessor.hc
hcdk\data\ph\Processor\LocalProcessor=build/hcdk.data.ph.Processor.LocalProcessor.hc
hcdk\data\ph\Processor\MethodProcessor=build/hcdk.data.ph.Processor.MethodProcessor.hc
hcdk\data\ph\Processor\PropertyProcessor=build/hcdk.data.ph.Processor.PropertyProcessor.hc
hcdk\data\ph\Processor\SessionProcessor=build/hcdk.data.ph.Processor.SessionProcessor.hc
hcdk\data\php\ClassParser=build/hcdk.data.php.ClassParser.hc
hcdk\data\xml\Fragment=build/hcdk.data.xml.Fragment.hc
hcdk\data\xml\Parser=build/hcdk.data.xml.Parser.hc
hcdk\data\xml\Fragment\condition=build/hcdk.data.xml.Fragment.condition.hc
hcdk\data\xml\Fragment\condition\CaseFragment=build/hcdk.data.xml.Fragment.condition.CaseFragment.hc
hcdk\data\xml\Fragment\condition\ElseFragment=build/hcdk.data.xml.Fragment.condition.ElseFragment.hc
hcdk\data\xml\Fragment\condition\IfFragment=build/hcdk.data.xml.Fragment.condition.IfFragment.hc
hcdk\data\xml\Fragment\condition\SwitchFragment=build/hcdk.data.xml.Fragment.condition.SwitchFragment.hc
hcdk\data\xml\Fragment\dummy\ContainerFragment=build/hcdk.data.xml.Fragment.dummy.ContainerFragment.hc
hcdk\data\xml\Fragment\dummy\TextFragment=build/hcdk.data.xml.Fragment.dummy.TextFragment.hc
hcdk\data\xml\Fragment\embed\DataFragment=build/hcdk.data.xml.Fragment.embed.DataFragment.hc
hcdk\data\xml\Fragment\embed\FileFragment=build/hcdk.data.xml.Fragment.embed.FileFragment.hc
hcdk\data\xml\Fragment\embed\MarkdownFragment=build/hcdk.data.xml.Fragment.embed.MarkdownFragment.hc
hcdk\data\xml\Fragment\loop\ForeachFragment=build/hcdk.data.xml.Fragment.loop.ForeachFragment.hc
hcdk\data\xml\Fragment\render\InstructionFragment=build/hcdk.data.xml.Fragment.render.InstructionFragment.hc
hcdk\data\xml\Fragment\render\PipelineFragment=build/hcdk.data.xml.Fragment.render.PipelineFragment.hc
hcdk\raw\Cellspace=build/hcdk.raw.Cellspace.hc
hcdk\raw\Constant=build/hcdk.raw.Constant.hc
hcdk\raw\Hypercell=build/hcdk.raw.Hypercell.hc
hcdk\raw\Method=build/hcdk.raw.Method.hc
hcdk\raw\Property=build/hcdk.raw.Property.hc
